// Jest Snapshot v1, https://goo.gl/fbAQLP

exports[`test for data  1`] = `
<Text>
  Loading
</Text>
`;

exports[`test for true  1`] = `
<Text>
  Loading
</Text>
`;

exports[`test for true  2`] = `null`;

exports[`test for undefined  1`] = `null`;
